// Jest Snapshot v1, https://goo.gl/fbAQLP

exports[`Rockets redux state tests Expect to display one rocket from mockStore 1`] = `[Function]`;
