// Jest Snapshot v1, https://goo.gl/fbAQLP

exports[`Missions redux state tests Expect to display one mission from mockStore 1`] = `[Function]`;
